27/Dec/2023:16:54:49	Test message
27/Dec/2023:17:03:15	Test message
27/Dec/2023:17:08:30	Test message
27/Dec/2023:17:10:00	Test message
27/Dec/2023:17:11:17	Test message
27/Dec/2023:17:14:24	Test message
27/Dec/2023:17:23:38	Test message
27/Dec/2023:17:24:52	Test message
27/Dec/2023:17:30:59	Test message
27/Dec/2023:17:34:06	Test message
27/Dec/2023:17:36:35	Test message
27/Dec/2023:17:40:28	Test message
27/Dec/2023:17:42:30	Test message
27/Dec/2023:17:43:13	Test message
27/Dec/2023:17:44:47	Test message
27/Dec/2023:18:42:37	Test message
27/Dec/2023:18:56:04	Test message
27/Dec/2023:22:08:42	Test message
